// Jest Snapshot v1, https://goo.gl/fbAQLP

exports[`App matches the snapshot 1`] = `
<div>
  <div>
    <h1>
      Login
    </h1>
    <form>
      <div>
        <input
          data-testid="email"
          name="email"
          type="email"
        />
      </div>
      <div>
        <input
          data-testid="password"
          name="password"
          type="password"
        />
      </div>
      <button
        data-testid="submit"
        type="submit"
      >
        Login
      </button>
    </form>
    <a
      href="/sign-up"
    >
      Sign up
    </a>
  </div>
</div>
`;
