// Jest Snapshot v1, https://goo.gl/fbAQLP

exports[`LoginForm matches the snapshot 1`] = `
<div>
  <form>
    <input
      data-testid="email"
      name="email"
      type="email"
    />
    <input
      data-testid="password"
      name="password"
      type="password"
    />
    <button
      data-testid="submit"
      type="submit"
    >
      Login
    </button>
  </form>
</div>
`;
