// Jest Snapshot v1, https://goo.gl/fbAQLP

exports[`entrypoint renders the app container 1`] = `
<div
  id="app"
>
  <div>
    <h1>
      Login
    </h1>
    <form>
      <div>
        <input
          data-testid="email"
          name="email"
          type="email"
        />
      </div>
      <div>
        <input
          data-testid="password"
          name="password"
          type="password"
        />
      </div>
      <button
        data-testid="submit"
        type="submit"
      >
        Login
      </button>
    </form>
  </div>
</div>
`;
