// Jest Snapshot v1, https://goo.gl/fbAQLP

exports[`SignUp matches the snapshot 1`] = `
<div>
  <div
    class="self-center w-full max-w-xs"
  >
    <form
      class="bg-white shadow-md rounded px-8 pt-6 pb-8 mb-4"
    >
      <div
        class="mb-6"
      >
        <input
          class="shadow appearance-none border rounded w-full py-2 px-3 text-gray-700 leading-tight focus:outline-none focus:shadow-outline"
          data-testid="name"
          name="name"
          placeholder="Name"
          type="text"
        />
      </div>
      <div
        class="mb-6"
      >
        <input
          class="shadow appearance-none border rounded w-full py-2 px-3 text-gray-700 leading-tight focus:outline-none focus:shadow-outline"
          data-testid="email"
          name="email"
          placeholder="E-mail address"
          type="email"
        />
      </div>
      <div
        class="mb-6"
      >
        <input
          class="shadow appearance-none border rounded w-full py-2 px-3 text-gray-700 leading-tight focus:outline-none focus:shadow-outline"
          data-testid="password"
          name="password"
          placeholder="Password"
          type="password"
        />
      </div>
      <button
        class="bg-blue-500 hover:bg-blue-700 text-white font-bold py-2 px-4 rounded focus:outline-none focus:shadow-outline"
        data-testid="submit"
        type="submit"
      >
        Sign Up
      </button>
      <a
        href="/login"
      >
        Login
      </a>
    </form>
  </div>
</div>
`;
