// Jest Snapshot v1, https://goo.gl/fbAQLP

exports[`UserForm matches the snapshot 1`] = `
<div>
  <form>
    <div>
      <input
        data-testid="name"
        name="name"
        type="text"
      />
    </div>
    <div>
      <input
        data-testid="email"
        name="email"
        type="email"
      />
    </div>
    <div>
      <input
        data-testid="password"
        name="password"
        type="password"
      />
    </div>
    <button
      data-testid="submit"
      type="submit"
    >
      User
    </button>
  </form>
</div>
`;
